// Jest Snapshot v1, https://goo.gl/fbAQLP

exports[`Header should render Header correctly 1`] = `
Array [
  <a
    className="MuiTypography-root MuiTypography-inherit MuiLink-root MuiLink-underlineAlways skip-link css-142y51d-MuiTypography-root-MuiLink-root"
    href="#main-content"
    onBlur={[Function]}
    onFocus={[Function]}
  >
    <p
      className="MuiTypography-root MuiTypography-body1 css-ahj2mt-MuiTypography-root"
    >
      continueToMain
    </p>
  </a>,
  <header
    className="MuiPaper-root MuiPaper-elevation MuiPaper-elevation4 MuiAppBar-root MuiAppBar-colorPrimary MuiAppBar-positionStatic header css-hip9hq-MuiPaper-root-MuiAppBar-root"
  >
    <div
      className="MuiToolbar-root MuiToolbar-gutters MuiToolbar-regular header__toolbar css-1t29gy6-MuiToolbar-root"
    >
      <div
        className="header__left"
      >
        <a
          href="/akt/etusivu"
          onClick={[Function]}
        >
          <img
            alt="ophLogo"
            className="header__left__logo"
            src="test"
          />
        </a>
      </div>
      <div
        className="header__center"
      />
      <div
        className="header__right"
      >
        <div
          className="lang-selector"
        >
          <svg
            aria-hidden={true}
            className="MuiSvgIcon-root MuiSvgIcon-fontSizeSmall lang-selector__icon css-ptiqhd-MuiSvgIcon-root"
            data-testid="LanguageOutlinedIcon"
            focusable="false"
            viewBox="0 0 24 24"
          >
            <path
              d="M11.99 2C6.47 2 2 6.48 2 12s4.47 10 9.99 10C17.52 22 22 17.52 22 12S17.52 2 11.99 2zm6.93 6h-2.95c-.32-1.25-.78-2.45-1.38-3.56 1.84.63 3.37 1.91 4.33 3.56zM12 4.04c.83 1.2 1.48 2.53 1.91 3.96h-3.82c.43-1.43 1.08-2.76 1.91-3.96zM4.26 14C4.1 13.36 4 12.69 4 12s.1-1.36.26-2h3.38c-.08.66-.14 1.32-.14 2s.06 1.34.14 2H4.26zm.82 2h2.95c.32 1.25.78 2.45 1.38 3.56-1.84-.63-3.37-1.9-4.33-3.56zm2.95-8H5.08c.96-1.66 2.49-2.93 4.33-3.56C8.81 5.55 8.35 6.75 8.03 8zM12 19.96c-.83-1.2-1.48-2.53-1.91-3.96h3.82c-.43 1.43-1.08 2.76-1.91 3.96zM14.34 14H9.66c-.09-.66-.16-1.32-.16-2s.07-1.35.16-2h4.68c.09.65.16 1.32.16 2s-.07 1.34-.16 2zm.25 5.56c.6-1.11 1.06-2.31 1.38-3.56h2.95c-.96 1.65-2.49 2.93-4.33 3.56zM16.36 14c.08-.66.14-1.32.14-2s-.06-1.34-.14-2h3.38c.16.64.26 1.31.26 2s-.1 1.36-.26 2h-3.38z"
            />
          </svg>
          <div
            className="MuiFormControl-root MuiFormControl-fullWidth css-q8hpuo-MuiFormControl-root"
          >
            <div
              aria-label="accessibility.langSelectorAriaLabel"
              className="MuiInput-root MuiInputBase-root MuiInputBase-colorPrimary MuiInputBase-formControl lang-selector__select css-1aa5qj0-MuiInputBase-root-MuiInput-root"
              data-testid="lang-selector"
              onClick={[Function]}
            >
              <div
                aria-expanded="false"
                aria-haspopup="listbox"
                className="MuiSelect-select MuiSelect-standard MuiInput-input MuiInputBase-input css-1rxz5jq-MuiSelect-select-MuiInputBase-input-MuiInput-input"
                onBlur={[Function]}
                onFocus={[Function]}
                onKeyDown={[Function]}
                onMouseDown={[Function]}
                role="button"
                tabIndex={0}
              >
                lang.fi
              </div>
              <input
                aria-hidden={true}
                className="MuiSelect-nativeInput css-yf8vq0-MuiSelect-nativeInput"
                disabled={false}
                onAnimationStart={[Function]}
                onChange={[Function]}
                required={false}
                tabIndex={-1}
                value="fi-FI"
              />
              <svg
                aria-hidden={true}
                className="MuiSvgIcon-root MuiSvgIcon-fontSizeMedium MuiSelect-icon MuiSelect-iconStandard css-pqjvzy-MuiSvgIcon-root-MuiSelect-icon"
                data-testid="ArrowDropDownIcon"
                focusable="false"
                viewBox="0 0 24 24"
              >
                <path
                  d="M7 10l5 5 5-5z"
                />
              </svg>
            </div>
          </div>
        </div>
      </div>
    </div>
  </header>,
]
`;
