// Jest Snapshot v1, https://goo.gl/fbAQLP

exports[`Footer should render Footer correctly 1`] = `
<footer>
  <img
    alt=""
    className="footer__wave"
    src="test"
  />
  <div
    className="MuiPaper-root MuiPaper-elevation MuiPaper-rounded MuiPaper-elevation3 footer css-3su884-MuiPaper-root"
  >
    <div
      className="footer__info-row"
    >
      <div
        className="footer__container footer__container__links"
      >
        <a
          href="/vkt/saavutettavuusseloste"
          onClick={[Function]}
        >
          <p
            className="MuiTypography-root MuiTypography-body1 css-ahj2mt-MuiTypography-root"
          >
            links.accessibility.text
          </p>
        </a>
        <a
          aria-label="vktPrivacyPolicy.ariaLabel"
          className="columns gapped-xxs"
          href="vktPrivacyPolicy.link"
          rel="noreferrer"
          target="_blank"
        >
          links.privacy.text
          <svg
            aria-hidden={true}
            className="MuiSvgIcon-root MuiSvgIcon-fontSizeMedium css-i4bv87-MuiSvgIcon-root"
            data-testid="OpenInNewIcon"
            focusable="false"
            viewBox="0 0 24 24"
          >
            <path
              d="M19 19H5V5h7V3H5c-1.11 0-2 .9-2 2v14c0 1.1.89 2 2 2h14c1.1 0 2-.9 2-2v-7h-2zM14 3v2h3.59l-9.83 9.83 1.41 1.41L19 6.41V10h2V3z"
            />
          </svg>
        </a>
        <a
          aria-label="vktHomepage.ariaLabel"
          className="columns gapped-xxs"
          href="vktHomepage.link"
          rel="noreferrer"
          target="_blank"
        >
          links.vktHomepage.text
          <svg
            aria-hidden={true}
            className="MuiSvgIcon-root MuiSvgIcon-fontSizeMedium css-i4bv87-MuiSvgIcon-root"
            data-testid="OpenInNewIcon"
            focusable="false"
            viewBox="0 0 24 24"
          >
            <path
              d="M19 19H5V5h7V3H5c-1.11 0-2 .9-2 2v14c0 1.1.89 2 2 2h14c1.1 0 2-.9 2-2v-7h-2zM14 3v2h3.59l-9.83 9.83 1.41 1.41L19 6.41V10h2V3z"
            />
          </svg>
        </a>
        <div
          className="footer__container__links__contact"
        >
          <h2
            className="MuiTypography-root MuiTypography-h3 css-gepadz-MuiTypography-root"
          >
            links.contact.title
            :
          </h2>
          <a
            className="footer__container__links__contact__email"
            href="mailto:contactEmail"
            rel="noreferrer"
            target="_blank"
          >
            contactEmail
          </a>
        </div>
      </div>
      <div
        className="footer__container footer__container__contact-details"
      >
        <h2
          className="MuiTypography-root MuiTypography-h3 css-gepadz-MuiTypography-root"
        >
          address.name
        </h2>
        <br />
        <p
          className="MuiTypography-root MuiTypography-body1 css-ahj2mt-MuiTypography-root"
        >
          address.street
        </p>
        <p
          className="MuiTypography-root MuiTypography-body1 css-ahj2mt-MuiTypography-root"
        >
          address.zipCity
        </p>
        <br />
        <div
          className="columns gapped-xxs"
        >
          <p
            className="MuiTypography-root MuiTypography-body1 inline-text css-ahj2mt-MuiTypography-root"
          >
            address.phone.title
          </p>
          <a
            className="inline-text"
            href="tel:address.phone.number"
            rel="noreferrer"
            target="_blank"
          >
            address.phone.number
          </a>
        </div>
      </div>
    </div>
    <div
      className="footer__logo-row"
    >
      <div
        className="MuiDivider-root MuiDivider-fullWidth MuiDivider-withChildren footer__logo-row__divider css-1h4w97w-MuiDivider-root"
        role="separator"
      >
        <span
          className="MuiDivider-wrapper css-qywfm8-MuiDivider-wrapper"
        >
          <div
            className="oph-logo columns"
          >
            <img
              alt="ophLogoAlt"
              className="footer__container__logo__oph"
              src="test"
            />
          </div>
        </span>
      </div>
    </div>
  </div>
</footer>
`;
