// Jest Snapshot v1, https://goo.gl/fbAQLP

exports[`Svg should render correctly 1`] = `
<img
  alt="alternate text goes here"
  className="foo"
  src="test"
/>
`;
