// Jest Snapshot v1, https://goo.gl/fbAQLP

exports[`InfoText should render correctly 1`] = `
<div
  className="info-text columns"
>
  <svg
    aria-hidden={true}
    className="MuiSvgIcon-root MuiSvgIcon-colorSecondary MuiSvgIcon-fontSizeMedium info-text__icon css-kw0y8f-MuiSvgIcon-root"
    data-testid="InfoOutlinedIcon"
    focusable="false"
    viewBox="0 0 24 24"
  >
    <path
      d="M11 7h2v2h-2zm0 4h2v6h-2zm1-9C6.48 2 2 6.48 2 12s4.48 10 10 10 10-4.48 10-10S17.52 2 12 2m0 18c-4.41 0-8-3.59-8-8s3.59-8 8-8 8 3.59 8 8-3.59 8-8 8"
    />
  </svg>
  <p
    className="MuiTypography-root MuiTypography-body1 info-text__label css-ahj2mt-MuiTypography-root"
  >
    This is an info text
  </p>
</div>
`;
