// Jest Snapshot v1, https://goo.gl/fbAQLP

exports[`EvaluationOrderPage should look as expected 1`] = `
<div
  className="public-evaluation-order-page MuiBox-root css-0"
>
  <div
    className="MuiGrid-root MuiGrid-container MuiGrid-direction-xs-column public-evaluation-order-page__grid-container css-1rwmv3x-MuiGrid-root"
  >
    <div
      className="MuiGrid-root MuiGrid-item public-evaluation-order-page__grid-container__item-header css-13i4rnv-MuiGrid-root"
    >
      <h1
        className="MuiTypography-root MuiTypography-h1 public-evaluation-order-page__title-heading css-o2w69a-MuiTypography-root"
      >
        Pyydä tarkistusarviointia
      </h1>
      <div
        className="header-separator MuiBox-root css-0"
      />
    </div>
    <div
      className="MuiPaper-root MuiPaper-elevation MuiPaper-rounded MuiPaper-elevation3 public-evaluation-order-page__order-form css-3su884-MuiPaper-root"
    >
      <p
        className="MuiTypography-root MuiTypography-body1 css-ahj2mt-MuiTypography-root"
      >
        Pyydä tarkistusarviointia seuraavasta tutkinnosta:
      </p>
      <p
        className="MuiTypography-root MuiTypography-body1 css-ahj2mt-MuiTypography-root"
      >
        Tutkinto
        :
         
        <b>
          suomi, keskitaso
        </b>
        <br />
        Testipäivä
        :
         
        <b>
          05/10/2023
        </b>
      </p>
      <p
        className="MuiTypography-root MuiTypography-body1 css-ahj2mt-MuiTypography-root"
      >
        Tähdellä (*) merkityt osiot ovat pakollisia.
      </p>
      <h2
        className="MuiTypography-root MuiTypography-h2 css-1sra7t5-MuiTypography-root"
      >
        Valitse osakokeet
      </h2>
      <fieldset
        className="MuiFormControl-root css-1nrlq1o-MuiFormControl-root"
      >
        <legend
          className="MuiTypography-root MuiTypography-h3 css-gepadz-MuiTypography-root"
        >
          Valitse ne osakokeet, joista haluat pyytää tarkistusarviointia *
        </legend>
        <p
          className="MuiTypography-root MuiTypography-body1 css-ahj2mt-MuiTypography-root"
        >
          Valitse vähintään yksi osakoe
        </p>
        <div
          className="MuiFormGroup-root css-dmmspl-MuiFormGroup-root"
        >
          <label
            className="MuiFormControlLabel-root MuiFormControlLabel-labelPlacementEnd css-wksu0u-MuiFormControlLabel-root"
          >
            <span
              className="MuiButtonBase-root MuiCheckbox-root MuiCheckbox-colorPrimary MuiCheckbox-sizeMedium PrivateSwitchBase-root MuiCheckbox-root MuiCheckbox-colorPrimary MuiCheckbox-sizeMedium MuiCheckbox-root MuiCheckbox-colorPrimary MuiCheckbox-sizeMedium css-12wnr2w-MuiButtonBase-root-MuiCheckbox-root"
              onBlur={[Function]}
              onContextMenu={[Function]}
              onDragLeave={[Function]}
              onFocus={[Function]}
              onKeyDown={[Function]}
              onKeyUp={[Function]}
              onMouseDown={[Function]}
              onMouseLeave={[Function]}
              onMouseUp={[Function]}
              onTouchEnd={[Function]}
              onTouchMove={[Function]}
              onTouchStart={[Function]}
              tabIndex={null}
            >
              <input
                checked={false}
                className="PrivateSwitchBase-input css-1m9pwf3"
                data-indeterminate={false}
                disabled={false}
                onChange={[Function]}
                required={false}
                type="checkbox"
              />
              <svg
                aria-hidden={true}
                className="MuiSvgIcon-root MuiSvgIcon-fontSizeMedium css-i4bv87-MuiSvgIcon-root"
                data-testid="CheckBoxOutlineBlankIcon"
                focusable="false"
                viewBox="0 0 24 24"
              >
                <path
                  d="M19 5v14H5V5h14m0-2H5c-1.1 0-2 .9-2 2v14c0 1.1.9 2 2 2h14c1.1 0 2-.9 2-2V5c0-1.1-.9-2-2-2z"
                />
              </svg>
            </span>
            <span
              className="MuiTypography-root MuiTypography-body1 MuiFormControlLabel-label css-ahj2mt-MuiTypography-root"
            >
              Tekstin ymmärtäminen 100 €
            </span>
          </label>
          <label
            className="MuiFormControlLabel-root MuiFormControlLabel-labelPlacementEnd css-wksu0u-MuiFormControlLabel-root"
          >
            <span
              className="MuiButtonBase-root MuiCheckbox-root MuiCheckbox-colorPrimary MuiCheckbox-sizeMedium PrivateSwitchBase-root MuiCheckbox-root MuiCheckbox-colorPrimary MuiCheckbox-sizeMedium MuiCheckbox-root MuiCheckbox-colorPrimary MuiCheckbox-sizeMedium css-12wnr2w-MuiButtonBase-root-MuiCheckbox-root"
              onBlur={[Function]}
              onContextMenu={[Function]}
              onDragLeave={[Function]}
              onFocus={[Function]}
              onKeyDown={[Function]}
              onKeyUp={[Function]}
              onMouseDown={[Function]}
              onMouseLeave={[Function]}
              onMouseUp={[Function]}
              onTouchEnd={[Function]}
              onTouchMove={[Function]}
              onTouchStart={[Function]}
              tabIndex={null}
            >
              <input
                checked={false}
                className="PrivateSwitchBase-input css-1m9pwf3"
                data-indeterminate={false}
                disabled={false}
                onChange={[Function]}
                required={false}
                type="checkbox"
              />
              <svg
                aria-hidden={true}
                className="MuiSvgIcon-root MuiSvgIcon-fontSizeMedium css-i4bv87-MuiSvgIcon-root"
                data-testid="CheckBoxOutlineBlankIcon"
                focusable="false"
                viewBox="0 0 24 24"
              >
                <path
                  d="M19 5v14H5V5h14m0-2H5c-1.1 0-2 .9-2 2v14c0 1.1.9 2 2 2h14c1.1 0 2-.9 2-2V5c0-1.1-.9-2-2-2z"
                />
              </svg>
            </span>
            <span
              className="MuiTypography-root MuiTypography-body1 MuiFormControlLabel-label css-ahj2mt-MuiTypography-root"
            >
              Puheen ymmärtäminen 100 €
            </span>
          </label>
          <label
            className="MuiFormControlLabel-root MuiFormControlLabel-labelPlacementEnd css-wksu0u-MuiFormControlLabel-root"
          >
            <span
              className="MuiButtonBase-root MuiCheckbox-root MuiCheckbox-colorPrimary MuiCheckbox-sizeMedium PrivateSwitchBase-root MuiCheckbox-root MuiCheckbox-colorPrimary MuiCheckbox-sizeMedium MuiCheckbox-root MuiCheckbox-colorPrimary MuiCheckbox-sizeMedium css-12wnr2w-MuiButtonBase-root-MuiCheckbox-root"
              onBlur={[Function]}
              onContextMenu={[Function]}
              onDragLeave={[Function]}
              onFocus={[Function]}
              onKeyDown={[Function]}
              onKeyUp={[Function]}
              onMouseDown={[Function]}
              onMouseLeave={[Function]}
              onMouseUp={[Function]}
              onTouchEnd={[Function]}
              onTouchMove={[Function]}
              onTouchStart={[Function]}
              tabIndex={null}
            >
              <input
                checked={false}
                className="PrivateSwitchBase-input css-1m9pwf3"
                data-indeterminate={false}
                disabled={false}
                onChange={[Function]}
                required={false}
                type="checkbox"
              />
              <svg
                aria-hidden={true}
                className="MuiSvgIcon-root MuiSvgIcon-fontSizeMedium css-i4bv87-MuiSvgIcon-root"
                data-testid="CheckBoxOutlineBlankIcon"
                focusable="false"
                viewBox="0 0 24 24"
              >
                <path
                  d="M19 5v14H5V5h14m0-2H5c-1.1 0-2 .9-2 2v14c0 1.1.9 2 2 2h14c1.1 0 2-.9 2-2V5c0-1.1-.9-2-2-2z"
                />
              </svg>
            </span>
            <span
              className="MuiTypography-root MuiTypography-body1 MuiFormControlLabel-label css-ahj2mt-MuiTypography-root"
            >
              Kirjoittaminen 100 €
            </span>
          </label>
          <label
            className="MuiFormControlLabel-root MuiFormControlLabel-labelPlacementEnd css-wksu0u-MuiFormControlLabel-root"
          >
            <span
              className="MuiButtonBase-root MuiCheckbox-root MuiCheckbox-colorPrimary MuiCheckbox-sizeMedium PrivateSwitchBase-root MuiCheckbox-root MuiCheckbox-colorPrimary MuiCheckbox-sizeMedium MuiCheckbox-root MuiCheckbox-colorPrimary MuiCheckbox-sizeMedium css-12wnr2w-MuiButtonBase-root-MuiCheckbox-root"
              onBlur={[Function]}
              onContextMenu={[Function]}
              onDragLeave={[Function]}
              onFocus={[Function]}
              onKeyDown={[Function]}
              onKeyUp={[Function]}
              onMouseDown={[Function]}
              onMouseLeave={[Function]}
              onMouseUp={[Function]}
              onTouchEnd={[Function]}
              onTouchMove={[Function]}
              onTouchStart={[Function]}
              tabIndex={null}
            >
              <input
                checked={false}
                className="PrivateSwitchBase-input css-1m9pwf3"
                data-indeterminate={false}
                disabled={false}
                onChange={[Function]}
                required={false}
                type="checkbox"
              />
              <svg
                aria-hidden={true}
                className="MuiSvgIcon-root MuiSvgIcon-fontSizeMedium css-i4bv87-MuiSvgIcon-root"
                data-testid="CheckBoxOutlineBlankIcon"
                focusable="false"
                viewBox="0 0 24 24"
              >
                <path
                  d="M19 5v14H5V5h14m0-2H5c-1.1 0-2 .9-2 2v14c0 1.1.9 2 2 2h14c1.1 0 2-.9 2-2V5c0-1.1-.9-2-2-2z"
                />
              </svg>
            </span>
            <span
              className="MuiTypography-root MuiTypography-body1 MuiFormControlLabel-label css-ahj2mt-MuiTypography-root"
            >
              Puhuminen 100 €
            </span>
          </label>
        </div>
      </fieldset>
      <p
        className="MuiTypography-root MuiTypography-body1 css-ahj2mt-MuiTypography-root"
      >
        Tarkistusarvioinnin hinta yhteensä
        : 
        <b>
          0
           €
        </b>
      </p>
      <p
        className="MuiTypography-root MuiTypography-body1 css-ahj2mt-MuiTypography-root"
      >
        Jos osakokeen arviointi muuttuu tarkistusarvioinnissa, palautamme tarkistusarviointimaksun.
      </p>
      <h2
        className="MuiTypography-root MuiTypography-h2 css-1sra7t5-MuiTypography-root"
      >
        Osallistujan tiedot
      </h2>
      <p
        className="MuiTypography-root MuiTypography-body1 css-ahj2mt-MuiTypography-root"
      >
        Täytä alle sen osallistujan tiedot, joka hakee tarkistusarviointia.
      </p>
      <div
        className="public-evaluation-order-page__order-form__participant-details-grid"
      >
        <div
          className="rows"
        >
          <label
            htmlFor="public-evaluation-order-form__field__firstNames"
          >
            <p
              className="MuiTypography-root MuiTypography-body1 css-ahj2mt-MuiTypography-root"
            >
              <b>
                Etunimet *
              </b>
            </p>
          </label>
          <div
            className="MuiFormControl-root MuiTextField-root css-1u3bzj6-MuiFormControl-root-MuiTextField-root"
          >
            <div
              className="MuiInputBase-root MuiOutlinedInput-root MuiInputBase-colorPrimary MuiInputBase-formControl css-9ddj71-MuiInputBase-root-MuiOutlinedInput-root"
              onClick={[Function]}
            >
              <input
                aria-invalid={false}
                autoFocus={false}
                className="MuiInputBase-input MuiOutlinedInput-input css-1t8l2tu-MuiInputBase-input-MuiOutlinedInput-input"
                disabled={false}
                id="public-evaluation-order-form__field__firstNames"
                onAnimationStart={[Function]}
                onBlur={[Function]}
                onChange={[Function]}
                onFocus={[Function]}
                required={false}
                type="text"
                value=""
              />
              <fieldset
                aria-hidden={true}
                className="MuiOutlinedInput-notchedOutline css-1d3z3hw-MuiOutlinedInput-notchedOutline"
              >
                <legend
                  className="css-ihdtdm"
                >
                  <span
                    className="notranslate"
                  >
                    ​
                  </span>
                </legend>
              </fieldset>
            </div>
          </div>
        </div>
        <div
          className="rows"
        >
          <label
            htmlFor="public-evaluation-order-form__field__lastName"
          >
            <p
              className="MuiTypography-root MuiTypography-body1 css-ahj2mt-MuiTypography-root"
            >
              <b>
                Sukunimi *
              </b>
            </p>
          </label>
          <div
            className="MuiFormControl-root MuiTextField-root css-1u3bzj6-MuiFormControl-root-MuiTextField-root"
          >
            <div
              className="MuiInputBase-root MuiOutlinedInput-root MuiInputBase-colorPrimary MuiInputBase-formControl css-9ddj71-MuiInputBase-root-MuiOutlinedInput-root"
              onClick={[Function]}
            >
              <input
                aria-invalid={false}
                autoFocus={false}
                className="MuiInputBase-input MuiOutlinedInput-input css-1t8l2tu-MuiInputBase-input-MuiOutlinedInput-input"
                disabled={false}
                id="public-evaluation-order-form__field__lastName"
                onAnimationStart={[Function]}
                onBlur={[Function]}
                onChange={[Function]}
                onFocus={[Function]}
                required={false}
                type="text"
                value=""
              />
              <fieldset
                aria-hidden={true}
                className="MuiOutlinedInput-notchedOutline css-1d3z3hw-MuiOutlinedInput-notchedOutline"
              >
                <legend
                  className="css-ihdtdm"
                >
                  <span
                    className="notranslate"
                  >
                    ​
                  </span>
                </legend>
              </fieldset>
            </div>
          </div>
        </div>
        <div
          className="rows"
        >
          <label
            htmlFor="public-evaluation-order-form__field__birthdate"
          >
            <p
              className="MuiTypography-root MuiTypography-body1 css-ahj2mt-MuiTypography-root"
            >
              <b>
                Syntymäaika *
              </b>
            </p>
          </label>
          <p
            className="MuiTypography-root MuiTypography-body1 css-ahj2mt-MuiTypography-root"
          >
            Kirjoita muodossa pp.kk.vvvv
          </p>
          <div
            className="MuiFormControl-root MuiTextField-root css-1u3bzj6-MuiFormControl-root-MuiTextField-root"
          >
            <div
              className="MuiInputBase-root MuiOutlinedInput-root MuiInputBase-colorPrimary MuiInputBase-formControl css-9ddj71-MuiInputBase-root-MuiOutlinedInput-root"
              onClick={[Function]}
            >
              <input
                aria-invalid={false}
                autoFocus={false}
                className="MuiInputBase-input MuiOutlinedInput-input css-1t8l2tu-MuiInputBase-input-MuiOutlinedInput-input"
                disabled={false}
                id="public-evaluation-order-form__field__birthdate"
                onAnimationStart={[Function]}
                onBlur={[Function]}
                onChange={[Function]}
                onFocus={[Function]}
                required={false}
                type="text"
                value=""
              />
              <fieldset
                aria-hidden={true}
                className="MuiOutlinedInput-notchedOutline css-1d3z3hw-MuiOutlinedInput-notchedOutline"
              >
                <legend
                  className="css-ihdtdm"
                >
                  <span
                    className="notranslate"
                  >
                    ​
                  </span>
                </legend>
              </fieldset>
            </div>
          </div>
        </div>
        <div
          className="rows"
        >
          <label
            htmlFor="public-evaluation-order-form__field__email"
          >
            <p
              className="MuiTypography-root MuiTypography-body1 css-ahj2mt-MuiTypography-root"
            >
              <b>
                Sähköpostiosoite *
              </b>
            </p>
          </label>
          <p
            className="MuiTypography-root MuiTypography-body1 css-ahj2mt-MuiTypography-root"
          >
            Esim. nimi@sahkoposti.fi
          </p>
          <div
            className="MuiFormControl-root MuiTextField-root css-1u3bzj6-MuiFormControl-root-MuiTextField-root"
          >
            <div
              className="MuiInputBase-root MuiOutlinedInput-root MuiInputBase-colorPrimary MuiInputBase-formControl css-9ddj71-MuiInputBase-root-MuiOutlinedInput-root"
              onClick={[Function]}
            >
              <input
                aria-invalid={false}
                autoFocus={false}
                className="MuiInputBase-input MuiOutlinedInput-input css-1t8l2tu-MuiInputBase-input-MuiOutlinedInput-input"
                disabled={false}
                id="public-evaluation-order-form__field__email"
                onAnimationStart={[Function]}
                onBlur={[Function]}
                onChange={[Function]}
                onFocus={[Function]}
                required={false}
                type="text"
                value=""
              />
              <fieldset
                aria-hidden={true}
                className="MuiOutlinedInput-notchedOutline css-1d3z3hw-MuiOutlinedInput-notchedOutline"
              >
                <legend
                  className="css-ihdtdm"
                >
                  <span
                    className="notranslate"
                  >
                    ​
                  </span>
                </legend>
              </fieldset>
            </div>
          </div>
        </div>
      </div>
      <h2
        className="MuiTypography-root MuiTypography-h2 css-1sra7t5-MuiTypography-root"
      >
        Henkilötietojen käsittelyn ehdot
      </h2>
      <div>
        <p
          className="MuiTypography-root MuiTypography-body1 css-ahj2mt-MuiTypography-root"
        >
          Noudatamme henkilötietojen käsittelyssä EU:n yleistä tietosuoja-asetusta.
          <br />
          Lue henkilötietojen käsittelyn ehdot Opetushallituksen verkkosivuilta:
        </p>
        <div
          className="columns gapped-xxs"
        >
          <a
            className="MuiTypography-root MuiTypography-inherit MuiLink-root MuiLink-underlineAlways css-1xylxj1-MuiTypography-root-MuiLink-root"
            href="https://www.oph.fi/fi/koulutus-ja-tutkinnot/kieli-ja-kaantajatutkinnot/yleiset-kielitutkinnot-yki/ilmoittautuminen-yki-testiin#anchor-tietoa-henkilotietojen-kasittelysta"
            onBlur={[Function]}
            onFocus={[Function]}
            target="_blank"
          >
            <p
              className="MuiTypography-root MuiTypography-body1 css-ahj2mt-MuiTypography-root"
            >
              Tietoa henkilötietojen käsittelystä (oph.fi)
            </p>
          </a>
          <svg
            aria-hidden={true}
            className="MuiSvgIcon-root MuiSvgIcon-fontSizeMedium css-i4bv87-MuiSvgIcon-root"
            data-testid="OpenInNewIcon"
            focusable="false"
            viewBox="0 0 24 24"
          >
            <path
              d="M19 19H5V5h7V3H5c-1.11 0-2 .9-2 2v14c0 1.1.89 2 2 2h14c1.1 0 2-.9 2-2v-7h-2v7zM14 3v2h3.59l-9.83 9.83 1.41 1.41L19 6.41V10h2V3h-7z"
            />
          </svg>
        </div>
      </div>
      <div
        className="MuiFormControl-root css-1nrlq1o-MuiFormControl-root"
      >
        <label
          className="MuiFormControlLabel-root MuiFormControlLabel-labelPlacementEnd css-wksu0u-MuiFormControlLabel-root"
        >
          <span
            className="MuiButtonBase-root MuiCheckbox-root MuiCheckbox-colorPrimary MuiCheckbox-sizeMedium PrivateSwitchBase-root MuiCheckbox-root MuiCheckbox-colorPrimary MuiCheckbox-sizeMedium MuiCheckbox-root MuiCheckbox-colorPrimary MuiCheckbox-sizeMedium css-12wnr2w-MuiButtonBase-root-MuiCheckbox-root"
            onBlur={[Function]}
            onContextMenu={[Function]}
            onDragLeave={[Function]}
            onFocus={[Function]}
            onKeyDown={[Function]}
            onKeyUp={[Function]}
            onMouseDown={[Function]}
            onMouseLeave={[Function]}
            onMouseUp={[Function]}
            onTouchEnd={[Function]}
            onTouchMove={[Function]}
            onTouchStart={[Function]}
            tabIndex={null}
          >
            <input
              checked={false}
              className="PrivateSwitchBase-input css-1m9pwf3"
              data-indeterminate={false}
              disabled={false}
              onChange={[Function]}
              required={false}
              type="checkbox"
            />
            <svg
              aria-hidden={true}
              className="MuiSvgIcon-root MuiSvgIcon-fontSizeMedium css-i4bv87-MuiSvgIcon-root"
              data-testid="CheckBoxOutlineBlankIcon"
              focusable="false"
              viewBox="0 0 24 24"
            >
              <path
                d="M19 5v14H5V5h14m0-2H5c-1.1 0-2 .9-2 2v14c0 1.1.9 2 2 2h14c1.1 0 2-.9 2-2V5c0-1.1-.9-2-2-2z"
              />
            </svg>
          </span>
          <span
            className="MuiTypography-root MuiTypography-body1 MuiFormControlLabel-label css-ahj2mt-MuiTypography-root"
          >
            Hyväksyn henkilötietojeni käsittelyn *
          </span>
        </label>
      </div>
      <div
        className="public-evaluation-order-page__order-form__action-buttons gapped-xs"
      >
        <button
          className="MuiButtonBase-root MuiButton-root MuiButton-contained MuiButton-containedSecondary MuiButton-sizeMedium MuiButton-containedSizeMedium MuiButton-root MuiButton-contained MuiButton-containedSecondary MuiButton-sizeMedium MuiButton-containedSizeMedium css-zcbmsk-MuiButtonBase-root-MuiButton-root"
          disabled={false}
          onBlur={[Function]}
          onClick={[Function]}
          onContextMenu={[Function]}
          onDragLeave={[Function]}
          onFocus={[Function]}
          onKeyDown={[Function]}
          onKeyUp={[Function]}
          onMouseDown={[Function]}
          onMouseLeave={[Function]}
          onMouseUp={[Function]}
          onTouchEnd={[Function]}
          onTouchMove={[Function]}
          onTouchStart={[Function]}
          tabIndex={0}
          type="button"
        >
          Siirry maksamaan
        </button>
        <button
          className="MuiButtonBase-root MuiButton-root MuiButton-text MuiButton-textSecondary MuiButton-sizeMedium MuiButton-textSizeMedium MuiButton-root MuiButton-text MuiButton-textSecondary MuiButton-sizeMedium MuiButton-textSizeMedium css-1d3f8j8-MuiButtonBase-root-MuiButton-root"
          disabled={false}
          onBlur={[Function]}
          onClick={[Function]}
          onContextMenu={[Function]}
          onDragLeave={[Function]}
          onFocus={[Function]}
          onKeyDown={[Function]}
          onKeyUp={[Function]}
          onMouseDown={[Function]}
          onMouseLeave={[Function]}
          onMouseUp={[Function]}
          onTouchEnd={[Function]}
          onTouchMove={[Function]}
          onTouchStart={[Function]}
          tabIndex={0}
          type="button"
        >
          Keskeytä
        </button>
      </div>
    </div>
  </div>
</div>
`;
