// Jest Snapshot v1, https://goo.gl/fbAQLP

exports[`PublicEvaluationPeriodListing should render correctly 1`] = `
<div
  className="rows gapped"
>
  <h2
    className="MuiTypography-root MuiTypography-h2 css-1sra7t5-MuiTypography-root"
  >
    noResults.heading
  </h2>
  <p
    className="MuiTypography-root MuiTypography-body1 css-ahj2mt-MuiTypography-root"
  >
    noResults.description
  </p>
</div>
`;
