// Jest Snapshot v1, https://goo.gl/fbAQLP

exports[`LoadingProgressIndicator should render LoadingProgressIndicator correctly 1`] = `
<div
  className="loading-progress-indicator"
>
  <div
    className="loading-progress-indicator__container"
  >
    <div
      className="loading-progress-indicator__container__spinner-box"
    >
      <div
        className="custom-circular-progress"
      >
        <span
          className="MuiCircularProgress-root MuiCircularProgress-indeterminate MuiCircularProgress-colorSecondary css-1szo49z-MuiCircularProgress-root"
          role="progressbar"
          style={
            Object {
              "height": "3rem",
              "width": "3rem",
            }
          }
        >
          <svg
            className="MuiCircularProgress-svg css-1idz92c-MuiCircularProgress-svg"
            viewBox="22 22 44 44"
          >
            <circle
              className="MuiCircularProgress-circle MuiCircularProgress-circleIndeterminate css-176wh8e-MuiCircularProgress-circle"
              cx={44}
              cy={44}
              fill="none"
              r={20.2}
              strokeWidth={3.6}
              style={Object {}}
            />
          </svg>
        </span>
      </div>
    </div>
  </div>
</div>
`;
