// Jest Snapshot v1, https://goo.gl/fbAQLP

exports[`CustomSelect should render correctly 1`] = `
<div
  className="MuiFormControl-root MuiFormControl-fullWidth css-q8hpuo-MuiFormControl-root"
>
  <div
    className="MuiInputBase-root MuiOutlinedInput-root MuiInputBase-colorPrimary MuiInputBase-formControl  css-1yk1gt9-MuiInputBase-root-MuiOutlinedInput-root-MuiSelect-root"
    onClick={[Function]}
  >
    <div
      aria-expanded="false"
      aria-haspopup="listbox"
      className="MuiSelect-select MuiSelect-outlined MuiInputBase-input MuiOutlinedInput-input css-11u53oe-MuiSelect-select-MuiInputBase-input-MuiOutlinedInput-input"
      onBlur={[Function]}
      onFocus={[Function]}
      onKeyDown={[Function]}
      onMouseDown={[Function]}
      role="button"
      tabIndex={0}
    >
      <span
        className="notranslate"
      >
        ​
      </span>
    </div>
    <input
      aria-hidden={true}
      aria-invalid={false}
      className="MuiSelect-nativeInput css-yf8vq0-MuiSelect-nativeInput"
      disabled={false}
      onAnimationStart={[Function]}
      onChange={[Function]}
      required={false}
      tabIndex={-1}
      value="Option B"
    />
    <svg
      aria-hidden={true}
      className="MuiSvgIcon-root MuiSvgIcon-fontSizeMedium MuiSelect-icon MuiSelect-iconOutlined css-hfutr2-MuiSvgIcon-root-MuiSelect-icon"
      data-testid="ArrowDropDownIcon"
      focusable="false"
      viewBox="0 0 24 24"
    >
      <path
        d="M7 10l5 5 5-5z"
      />
    </svg>
    <fieldset
      aria-hidden={true}
      className="MuiOutlinedInput-notchedOutline css-1d3z3hw-MuiOutlinedInput-notchedOutline"
    >
      <legend
        className="css-ihdtdm"
      >
        <span
          className="notranslate"
        >
          ​
        </span>
      </legend>
    </fieldset>
  </div>
</div>
`;
