// Jest Snapshot v1, https://goo.gl/fbAQLP

exports[`Header should render Header correctly 1`] = `
[
  <a
    className="MuiTypography-root MuiTypography-inherit MuiLink-root MuiLink-underlineAlways skip-link css-1vrl3mg-MuiTypography-root-MuiLink-root"
    href="#main-content"
    onBlur={[Function]}
    onFocus={[Function]}
  >
    <p
      className="MuiTypography-root MuiTypography-body1 css-ahj2mt-MuiTypography-root"
    >
      header.accessibility.continueToMain
    </p>
  </a>,
  <header
    className="MuiPaper-root MuiPaper-elevation MuiPaper-elevation4 MuiAppBar-root MuiAppBar-colorPrimary MuiAppBar-positionStatic header css-hip9hq-MuiPaper-root-MuiAppBar-root"
  >
    <div
      className="MuiToolbar-root MuiToolbar-gutters MuiToolbar-regular header__toolbar css-hyum1k-MuiToolbar-root"
    >
      <div
        className="header__left"
      >
        <a
          href="/yki/ilmoittautuminen"
          onClick={[Function]}
        >
          <div
            className="oph-logo columns"
          >
            <img
              alt="ophLogoToFrontPageAlt"
              className="header__left__logo"
              src="test"
            />
            <p
              className="MuiTypography-root MuiTypography-body1 oph-logo__label--bold css-ahj2mt-MuiTypography-root"
            >
              appNameAbbreviation
            </p>
          </div>
        </a>
      </div>
      <div
        className="header__center"
      >
        <div
          className="MuiTabs-root css-1ujnqem-MuiTabs-root"
        >
          <div
            className="MuiTabs-scroller MuiTabs-fixed css-jpln7h-MuiTabs-scroller"
            style={
              {
                "marginBottom": -0,
                "overflow": "hidden",
              }
            }
          >
            <div
              aria-orientation={null}
              className="MuiTabs-flexContainer css-heg063-MuiTabs-flexContainer"
              onKeyDown={[Function]}
              role="tablist"
            >
              <button
                aria-selected={false}
                className="MuiButtonBase-root MuiTab-root MuiTab-textColorSecondary css-1a4cg4j-MuiButtonBase-root-MuiTab-root"
                data-testid="public-nav-tab__registration"
                disabled={false}
                onBlur={[Function]}
                onClick={[Function]}
                onContextMenu={[Function]}
                onDragLeave={[Function]}
                onFocus={[Function]}
                onKeyDown={[Function]}
                onKeyUp={[Function]}
                onMouseDown={[Function]}
                onMouseLeave={[Function]}
                onMouseUp={[Function]}
                onTouchEnd={[Function]}
                onTouchMove={[Function]}
                onTouchStart={[Function]}
                role="tab"
                tabIndex={0}
                type="button"
              >
                registration
              </button>
              <button
                aria-selected={false}
                className="MuiButtonBase-root MuiTab-root MuiTab-textColorSecondary css-1a4cg4j-MuiButtonBase-root-MuiTab-root"
                data-testid="public-nav-tab__reassessment"
                disabled={false}
                onBlur={[Function]}
                onClick={[Function]}
                onContextMenu={[Function]}
                onDragLeave={[Function]}
                onFocus={[Function]}
                onKeyDown={[Function]}
                onKeyUp={[Function]}
                onMouseDown={[Function]}
                onMouseLeave={[Function]}
                onMouseUp={[Function]}
                onTouchEnd={[Function]}
                onTouchMove={[Function]}
                onTouchStart={[Function]}
                role="tab"
                tabIndex={-1}
                type="button"
              >
                reassessment
              </button>
            </div>
          </div>
        </div>
      </div>
      <div
        className="header__right"
      >
        <nav
          aria-label="header.accessibility.langSelectorAriaLabel"
          className="lang-selector"
        >
          <svg
            aria-hidden={true}
            className="MuiSvgIcon-root MuiSvgIcon-fontSizeSmall lang-selector__icon css-ptiqhd-MuiSvgIcon-root"
            data-testid="LanguageOutlinedIcon"
            focusable="false"
            viewBox="0 0 24 24"
          >
            <path
              d="M11.99 2C6.47 2 2 6.48 2 12s4.47 10 9.99 10C17.52 22 22 17.52 22 12S17.52 2 11.99 2zm6.93 6h-2.95c-.32-1.25-.78-2.45-1.38-3.56 1.84.63 3.37 1.91 4.33 3.56zM12 4.04c.83 1.2 1.48 2.53 1.91 3.96h-3.82c.43-1.43 1.08-2.76 1.91-3.96zM4.26 14C4.1 13.36 4 12.69 4 12s.1-1.36.26-2h3.38c-.08.66-.14 1.32-.14 2s.06 1.34.14 2H4.26zm.82 2h2.95c.32 1.25.78 2.45 1.38 3.56-1.84-.63-3.37-1.9-4.33-3.56zm2.95-8H5.08c.96-1.66 2.49-2.93 4.33-3.56C8.81 5.55 8.35 6.75 8.03 8zM12 19.96c-.83-1.2-1.48-2.53-1.91-3.96h3.82c-.43 1.43-1.08 2.76-1.91 3.96zM14.34 14H9.66c-.09-.66-.16-1.32-.16-2s.07-1.35.16-2h4.68c.09.65.16 1.32.16 2s-.07 1.34-.16 2zm.25 5.56c.6-1.11 1.06-2.31 1.38-3.56h2.95c-.96 1.65-2.49 2.93-4.33 3.56zM16.36 14c.08-.66.14-1.32.14-2s-.06-1.34-.14-2h3.38c.16.64.26 1.31.26 2s-.1 1.36-.26 2h-3.38z"
            />
          </svg>
          <button
            aria-current="true"
            className="MuiButtonBase-root MuiButton-root MuiButton-text MuiButton-textPrimary MuiButton-sizeMedium MuiButton-textSizeMedium MuiButton-root MuiButton-text MuiButton-textPrimary MuiButton-sizeMedium MuiButton-textSizeMedium css-1e6y48t-MuiButtonBase-root-MuiButton-root"
            disabled={false}
            lang="fi-FI"
            onBlur={[Function]}
            onClick={[Function]}
            onContextMenu={[Function]}
            onDragLeave={[Function]}
            onFocus={[Function]}
            onKeyDown={[Function]}
            onKeyUp={[Function]}
            onMouseDown={[Function]}
            onMouseLeave={[Function]}
            onMouseUp={[Function]}
            onTouchEnd={[Function]}
            onTouchMove={[Function]}
            onTouchStart={[Function]}
            tabIndex={0}
            type="button"
          >
            <p
              className="MuiTypography-root MuiTypography-body1 css-ahj2mt-MuiTypography-root"
            >
              <b>
                header.lang.fi
              </b>
            </p>
          </button>
          <hr
            aria-hidden="true"
            className="MuiDivider-root MuiDivider-middle MuiDivider-vertical MuiDivider-flexItem css-16bghm4-MuiDivider-root"
          />
          <button
            aria-current="false"
            className="MuiButtonBase-root MuiButton-root MuiButton-text MuiButton-textPrimary MuiButton-sizeMedium MuiButton-textSizeMedium MuiButton-root MuiButton-text MuiButton-textPrimary MuiButton-sizeMedium MuiButton-textSizeMedium css-1e6y48t-MuiButtonBase-root-MuiButton-root"
            disabled={false}
            lang="sv-SE"
            onBlur={[Function]}
            onClick={[Function]}
            onContextMenu={[Function]}
            onDragLeave={[Function]}
            onFocus={[Function]}
            onKeyDown={[Function]}
            onKeyUp={[Function]}
            onMouseDown={[Function]}
            onMouseLeave={[Function]}
            onMouseUp={[Function]}
            onTouchEnd={[Function]}
            onTouchMove={[Function]}
            onTouchStart={[Function]}
            tabIndex={0}
            type="button"
          >
            <p
              className="MuiTypography-root MuiTypography-body1 css-ahj2mt-MuiTypography-root"
            >
              header.lang.sv
            </p>
          </button>
          <hr
            aria-hidden="true"
            className="MuiDivider-root MuiDivider-middle MuiDivider-vertical MuiDivider-flexItem css-16bghm4-MuiDivider-root"
          />
          <button
            aria-current="false"
            className="MuiButtonBase-root MuiButton-root MuiButton-text MuiButton-textPrimary MuiButton-sizeMedium MuiButton-textSizeMedium MuiButton-root MuiButton-text MuiButton-textPrimary MuiButton-sizeMedium MuiButton-textSizeMedium css-1e6y48t-MuiButtonBase-root-MuiButton-root"
            disabled={false}
            lang="en-GB"
            onBlur={[Function]}
            onClick={[Function]}
            onContextMenu={[Function]}
            onDragLeave={[Function]}
            onFocus={[Function]}
            onKeyDown={[Function]}
            onKeyUp={[Function]}
            onMouseDown={[Function]}
            onMouseLeave={[Function]}
            onMouseUp={[Function]}
            onTouchEnd={[Function]}
            onTouchMove={[Function]}
            onTouchStart={[Function]}
            tabIndex={0}
            type="button"
          >
            <p
              className="MuiTypography-root MuiTypography-body1 css-ahj2mt-MuiTypography-root"
            >
              header.lang.en
            </p>
          </button>
        </nav>
      </div>
    </div>
  </header>,
]
`;
