// Jest Snapshot v1, https://goo.gl/fbAQLP

exports[`PublicExamSessionsTable should render correctly 1`] = `
[
  <div
    className="table__head-box"
  >
    <div
      className="MuiTablePagination-root table__head-box__pagination css-jtlhu6-MuiTablePagination-root"
    >
      <div
        className="MuiToolbar-root MuiToolbar-gutters MuiToolbar-regular MuiTablePagination-toolbar css-78c6dr-MuiToolbar-root-MuiTablePagination-toolbar"
      >
        <div
          className="MuiTablePagination-spacer css-1psng7p-MuiTablePagination-spacer"
        />
        <p
          className="MuiTablePagination-selectLabel css-pdct74-MuiTablePagination-selectLabel"
          id=":r1:"
        >
          <p
            id="rowsPerPage"
          >
            component.table.pagination.rowsPerPage
          </p>
        </p>
        <div
          className="MuiInputBase-root MuiInputBase-colorPrimary MuiTablePagination-input css-16c50h-MuiInputBase-root-MuiTablePagination-select"
          onClick={[Function]}
        >
          <div
            aria-controls=":r2:"
            aria-expanded="false"
            aria-haspopup="listbox"
            aria-labelledby=":r1: :r0:"
            className="MuiSelect-select MuiTablePagination-select MuiSelect-standard MuiInputBase-input css-194a1fa-MuiSelect-select-MuiInputBase-input"
            id=":r0:"
            onBlur={[Function]}
            onFocus={[Function]}
            onKeyDown={[Function]}
            onMouseDown={[Function]}
            role="combobox"
            tabIndex={0}
          >
            20
          </div>
          <input
            aria-hidden={true}
            aria-invalid={false}
            aria-labeledby="rowsPerPage"
            className="MuiSelect-nativeInput css-yf8vq0-MuiSelect-nativeInput"
            onAnimationStart={[Function]}
            onChange={[Function]}
            tabIndex={-1}
            value={20}
          />
          <svg
            aria-hidden={true}
            className="MuiSvgIcon-root MuiSvgIcon-fontSizeMedium MuiSelect-icon MuiTablePagination-selectIcon MuiSelect-iconStandard css-pqjvzy-MuiSvgIcon-root-MuiSelect-icon"
            data-testid="ArrowDropDownIcon"
            focusable="false"
            viewBox="0 0 24 24"
          >
            <path
              d="M7 10l5 5 5-5z"
            />
          </svg>
        </div>
        <p
          className="MuiTablePagination-displayedRows css-levciy-MuiTablePagination-displayedRows"
        >
          component.table.pagination.displayedRowsAriaLabel
        </p>
        <div
          className="MuiTablePagination-actions"
        >
          <button
            className="MuiButtonBase-root Mui-disabled MuiIconButton-root Mui-disabled MuiIconButton-colorInherit MuiIconButton-sizeMedium css-zylse7-MuiButtonBase-root-MuiIconButton-root"
            disabled={true}
            onBlur={[Function]}
            onClick={[Function]}
            onContextMenu={[Function]}
            onDragLeave={[Function]}
            onFocus={[Function]}
            onKeyDown={[Function]}
            onKeyUp={[Function]}
            onMouseDown={[Function]}
            onMouseLeave={[Function]}
            onMouseUp={[Function]}
            onTouchEnd={[Function]}
            onTouchMove={[Function]}
            onTouchStart={[Function]}
            tabIndex={-1}
            type="button"
          >
            <svg
              aria-hidden={true}
              className="MuiSvgIcon-root MuiSvgIcon-fontSizeMedium css-i4bv87-MuiSvgIcon-root"
              data-testid="KeyboardArrowLeftIcon"
              focusable="false"
              viewBox="0 0 24 24"
            >
              <path
                d="M15.41 16.09l-4.58-4.59 4.58-4.59L14 5.5l-6 6 6 6z"
              />
            </svg>
          </button>
          <button
            className="MuiButtonBase-root Mui-disabled MuiIconButton-root Mui-disabled MuiIconButton-colorInherit MuiIconButton-sizeMedium css-zylse7-MuiButtonBase-root-MuiIconButton-root"
            disabled={true}
            onBlur={[Function]}
            onClick={[Function]}
            onContextMenu={[Function]}
            onDragLeave={[Function]}
            onFocus={[Function]}
            onKeyDown={[Function]}
            onKeyUp={[Function]}
            onMouseDown={[Function]}
            onMouseLeave={[Function]}
            onMouseUp={[Function]}
            onTouchEnd={[Function]}
            onTouchMove={[Function]}
            onTouchStart={[Function]}
            tabIndex={-1}
            type="button"
          >
            <svg
              aria-hidden={true}
              className="MuiSvgIcon-root MuiSvgIcon-fontSizeMedium css-i4bv87-MuiSvgIcon-root"
              data-testid="KeyboardArrowRightIcon"
              focusable="false"
              viewBox="0 0 24 24"
            >
              <path
                d="M8.59 16.34l4.58-4.59-4.58-4.59L10 5.75l6 6-6 6z"
              />
            </svg>
          </button>
        </div>
      </div>
    </div>
  </div>,
  <table
    className="MuiTable-root MuiTable-stickyHeader public-exam-session-listing table-layout-auto table css-xn82ks-MuiTable-root"
    role={null}
  >
    <thead
      className="MuiTableHead-root heading-text public-exam-session-listing__header css-15wwp11-MuiTableHead-root"
      role={null}
    >
      <tr
        className="MuiTableRow-root MuiTableRow-head css-1q1u3t4-MuiTableRow-root"
        role={null}
      >
        <th
          aria-sort={null}
          className="MuiTableCell-root MuiTableCell-head MuiTableCell-stickyHeader MuiTableCell-sizeMedium css-y8ay40-MuiTableCell-root"
          scope="col"
        >
          examSession
        </th>
        <th
          aria-sort={null}
          className="MuiTableCell-root MuiTableCell-head MuiTableCell-stickyHeader MuiTableCell-sizeMedium css-y8ay40-MuiTableCell-root"
          scope="col"
        >
          examDate
        </th>
        <th
          aria-sort={null}
          className="MuiTableCell-root MuiTableCell-head MuiTableCell-stickyHeader MuiTableCell-sizeMedium css-y8ay40-MuiTableCell-root"
          scope="col"
        >
          institution
        </th>
        <th
          aria-sort={null}
          className="MuiTableCell-root MuiTableCell-head MuiTableCell-stickyHeader MuiTableCell-sizeMedium css-y8ay40-MuiTableCell-root"
          scope="col"
        >
          registrationPeriod
        </th>
        <th
          aria-sort={null}
          className="MuiTableCell-root MuiTableCell-head MuiTableCell-stickyHeader MuiTableCell-sizeMedium css-y8ay40-MuiTableCell-root"
          scope="col"
        >
          price
        </th>
        <th
          aria-sort={null}
          className="MuiTableCell-root MuiTableCell-head MuiTableCell-stickyHeader MuiTableCell-sizeMedium css-y8ay40-MuiTableCell-root"
          scope="col"
        >
          placesAvailable
        </th>
        <th
          aria-sort={null}
          className="MuiTableCell-root MuiTableCell-head MuiTableCell-stickyHeader MuiTableCell-sizeMedium css-y8ay40-MuiTableCell-root"
          scope="col"
        >
          actions
        </th>
      </tr>
    </thead>
    <tbody
      className="MuiTableBody-root css-apqrd9-MuiTableBody-root"
      role={null}
    >
      <tr
        className="MuiTableRow-root css-1q1u3t4-MuiTableRow-root"
        data-testid="public-exam-session__id-999-row"
        role={null}
      >
        <td
          aria-sort={null}
          className="MuiTableCell-root MuiTableCell-body MuiTableCell-sizeMedium css-1ex1afd-MuiTableCell-root"
        >
          yki.common.languages.fin, yki.common.languageLevel.YLIN
        </td>
        <td
          aria-sort={null}
          className="MuiTableCell-root MuiTableCell-body MuiTableCell-sizeMedium css-1ex1afd-MuiTableCell-root"
        >
          1/1/2035
        </td>
        <td
          aria-sort={null}
          className="MuiTableCell-root MuiTableCell-body MuiTableCell-sizeMedium css-1ex1afd-MuiTableCell-root"
        >
          Jälkiedu
          <br />
          Tampere
        </td>
        <td
          aria-sort={null}
          className="MuiTableCell-root MuiTableCell-body MuiTableCell-sizeMedium css-1ex1afd-MuiTableCell-root"
        >
          <span
            aria-label="1/1/2023 klo 10.00 — 12/31/2030 klo 16.00"
          >
            1/1/2023 klo 10.00
             —
            <br
              aria-hidden={true}
            />
            12/31/2030 klo 16.00
          </span>
        </td>
        <td
          aria-sort={null}
          className="MuiTableCell-root MuiTableCell-body MuiTableCell-sizeMedium css-1ex1afd-MuiTableCell-root"
        >
          200
           €
        </td>
        <td
          aria-sort={null}
          className="MuiTableCell-root MuiTableCell-body MuiTableCell-sizeMedium css-1ex1afd-MuiTableCell-root"
        >
          full
        </td>
        <td
          aria-sort={null}
          className="MuiTableCell-root MuiTableCell-body MuiTableCell-sizeMedium css-1ex1afd-MuiTableCell-root"
        >
          <a
            className="custom-button-link"
            href="/yki/tutkintotilaisuus/999"
            onClick={[Function]}
          >
            <button
              className="MuiButtonBase-root MuiButton-root MuiButton-outlined MuiButton-outlinedSecondary MuiButton-sizeMedium MuiButton-outlinedSizeMedium MuiButton-root MuiButton-outlined MuiButton-outlinedSecondary MuiButton-sizeMedium MuiButton-outlinedSizeMedium css-1l9sosn-MuiButtonBase-root-MuiButton-root"
              disabled={false}
              onBlur={[Function]}
              onClick={[Function]}
              onContextMenu={[Function]}
              onDragLeave={[Function]}
              onFocus={[Function]}
              onKeyDown={[Function]}
              onKeyUp={[Function]}
              onMouseDown={[Function]}
              onMouseLeave={[Function]}
              onMouseUp={[Function]}
              onTouchEnd={[Function]}
              onTouchMove={[Function]}
              onTouchStart={[Function]}
              tabIndex={0}
              type="button"
            >
              orderCancellationNotification
            </button>
          </a>
        </td>
      </tr>
      <tr
        className="MuiTableRow-root css-1q1u3t4-MuiTableRow-root"
        data-testid="public-exam-session__id-888-row"
        role={null}
      >
        <td
          aria-sort={null}
          className="MuiTableCell-root MuiTableCell-body MuiTableCell-sizeMedium css-1ex1afd-MuiTableCell-root"
        >
          yki.common.languages.fin, yki.common.languageLevel.YLIN
        </td>
        <td
          aria-sort={null}
          className="MuiTableCell-root MuiTableCell-body MuiTableCell-sizeMedium css-1ex1afd-MuiTableCell-root"
        >
          1/1/2035
        </td>
        <td
          aria-sort={null}
          className="MuiTableCell-root MuiTableCell-body MuiTableCell-sizeMedium css-1ex1afd-MuiTableCell-root"
        >
          Amiedu
          <br />
          Tampere
        </td>
        <td
          aria-sort={null}
          className="MuiTableCell-root MuiTableCell-body MuiTableCell-sizeMedium css-1ex1afd-MuiTableCell-root"
        >
          postAdmission
          :
          <br
            aria-hidden={true}
          />
          <span
            aria-label="8/1/2023 klo 10.00 — 9/1/2030 klo 16.00"
          >
            8/1/2023 klo 10.00
             —
            <br
              aria-hidden={true}
            />
            9/1/2030 klo 16.00
          </span>
        </td>
        <td
          aria-sort={null}
          className="MuiTableCell-root MuiTableCell-body MuiTableCell-sizeMedium css-1ex1afd-MuiTableCell-root"
        >
          200
           €
        </td>
        <td
          aria-sort={null}
          className="MuiTableCell-root MuiTableCell-body MuiTableCell-sizeMedium css-1ex1afd-MuiTableCell-root"
        >
          6
        </td>
        <td
          aria-sort={null}
          className="MuiTableCell-root MuiTableCell-body MuiTableCell-sizeMedium css-1ex1afd-MuiTableCell-root"
        >
          <a
            className="custom-button-link"
            href="/yki/tutkintotilaisuus/888"
            onClick={[Function]}
          >
            <button
              className="MuiButtonBase-root MuiButton-root MuiButton-outlined MuiButton-outlinedSecondary MuiButton-sizeMedium MuiButton-outlinedSizeMedium MuiButton-root MuiButton-outlined MuiButton-outlinedSecondary MuiButton-sizeMedium MuiButton-outlinedSizeMedium css-1l9sosn-MuiButtonBase-root-MuiButton-root"
              disabled={false}
              onBlur={[Function]}
              onClick={[Function]}
              onContextMenu={[Function]}
              onDragLeave={[Function]}
              onFocus={[Function]}
              onKeyDown={[Function]}
              onKeyUp={[Function]}
              onMouseDown={[Function]}
              onMouseLeave={[Function]}
              onMouseUp={[Function]}
              onTouchEnd={[Function]}
              onTouchMove={[Function]}
              onTouchStart={[Function]}
              tabIndex={0}
              type="button"
            >
              register
            </button>
          </a>
        </td>
      </tr>
      <tr
        className="MuiTableRow-root css-1q1u3t4-MuiTableRow-root"
        data-testid="public-exam-session__id-25-row"
        role={null}
      >
        <td
          aria-sort={null}
          className="MuiTableCell-root MuiTableCell-body MuiTableCell-sizeMedium css-1ex1afd-MuiTableCell-root"
        >
          yki.common.languages.fin, yki.common.languageLevel.YLIN
        </td>
        <td
          aria-sort={null}
          className="MuiTableCell-root MuiTableCell-body MuiTableCell-sizeMedium css-1ex1afd-MuiTableCell-root"
        >
          12/29/2039
        </td>
        <td
          aria-sort={null}
          className="MuiTableCell-root MuiTableCell-body MuiTableCell-sizeMedium css-1ex1afd-MuiTableCell-root"
        >
          Amiedu
          <br />
          Tampere
        </td>
        <td
          aria-sort={null}
          className="MuiTableCell-root MuiTableCell-body MuiTableCell-sizeMedium css-1ex1afd-MuiTableCell-root"
        >
          <span
            aria-label="12/1/2030 klo 10.00 — 12/10/2039 klo 16.00"
          >
            12/1/2030 klo 10.00
             —
            <br
              aria-hidden={true}
            />
            12/10/2039 klo 16.00
          </span>
        </td>
        <td
          aria-sort={null}
          className="MuiTableCell-root MuiTableCell-body MuiTableCell-sizeMedium css-1ex1afd-MuiTableCell-root"
        >
          200
           €
        </td>
        <td
          aria-sort={null}
          className="MuiTableCell-root MuiTableCell-body MuiTableCell-sizeMedium css-1ex1afd-MuiTableCell-root"
        >
          full
        </td>
        <td
          aria-sort={null}
          className="MuiTableCell-root MuiTableCell-body MuiTableCell-sizeMedium css-1ex1afd-MuiTableCell-root"
        >
          admissionOpensOn
        </td>
      </tr>
      <tr
        className="MuiTableRow-root css-1q1u3t4-MuiTableRow-root"
        data-testid="public-exam-session__id-10-row"
        role={null}
      >
        <td
          aria-sort={null}
          className="MuiTableCell-root MuiTableCell-body MuiTableCell-sizeMedium css-1ex1afd-MuiTableCell-root"
        >
          yki.common.languages.fin, yki.common.languageLevel.PERUS
        </td>
        <td
          aria-sort={null}
          className="MuiTableCell-root MuiTableCell-body MuiTableCell-sizeMedium css-1ex1afd-MuiTableCell-root"
        >
          5/26/2019
        </td>
        <td
          aria-sort={null}
          className="MuiTableCell-root MuiTableCell-body MuiTableCell-sizeMedium css-1ex1afd-MuiTableCell-root"
        >
          Amiedu
          <br />
          Tampere
        </td>
        <td
          aria-sort={null}
          className="MuiTableCell-root MuiTableCell-body MuiTableCell-sizeMedium css-1ex1afd-MuiTableCell-root"
        >
          <span
            aria-label="12/3/2025 klo 10.00 — 12/14/2039 klo 16.00"
          >
            12/3/2025 klo 10.00
             —
            <br
              aria-hidden={true}
            />
            12/14/2039 klo 16.00
          </span>
        </td>
        <td
          aria-sort={null}
          className="MuiTableCell-root MuiTableCell-body MuiTableCell-sizeMedium css-1ex1afd-MuiTableCell-root"
        >
          153
           €
        </td>
        <td
          aria-sort={null}
          className="MuiTableCell-root MuiTableCell-body MuiTableCell-sizeMedium css-1ex1afd-MuiTableCell-root"
        >
          50
        </td>
        <td
          aria-sort={null}
          className="MuiTableCell-root MuiTableCell-body MuiTableCell-sizeMedium css-1ex1afd-MuiTableCell-root"
        >
          admissionOpensOn
        </td>
      </tr>
      <tr
        className="MuiTableRow-root css-1q1u3t4-MuiTableRow-root"
        data-testid="public-exam-session__id-11-row"
        role={null}
      >
        <td
          aria-sort={null}
          className="MuiTableCell-root MuiTableCell-body MuiTableCell-sizeMedium css-1ex1afd-MuiTableCell-root"
        >
          yki.common.languages.fin, yki.common.languageLevel.KESKI
        </td>
        <td
          aria-sort={null}
          className="MuiTableCell-root MuiTableCell-body MuiTableCell-sizeMedium css-1ex1afd-MuiTableCell-root"
        >
          4/6/2019
        </td>
        <td
          aria-sort={null}
          className="MuiTableCell-root MuiTableCell-body MuiTableCell-sizeMedium css-1ex1afd-MuiTableCell-root"
        >
          Amiedu
          <br />
          Tampere
        </td>
        <td
          aria-sort={null}
          className="MuiTableCell-root MuiTableCell-body MuiTableCell-sizeMedium css-1ex1afd-MuiTableCell-root"
        >
          <span
            aria-label="2/1/2019 klo 10.00 — 2/28/2039 klo 16.00"
          >
            2/1/2019 klo 10.00
             —
            <br
              aria-hidden={true}
            />
            2/28/2039 klo 16.00
          </span>
        </td>
        <td
          aria-sort={null}
          className="MuiTableCell-root MuiTableCell-body MuiTableCell-sizeMedium css-1ex1afd-MuiTableCell-root"
        >
          176
           €
        </td>
        <td
          aria-sort={null}
          className="MuiTableCell-root MuiTableCell-body MuiTableCell-sizeMedium css-1ex1afd-MuiTableCell-root"
        >
          20
        </td>
        <td
          aria-sort={null}
          className="MuiTableCell-root MuiTableCell-body MuiTableCell-sizeMedium css-1ex1afd-MuiTableCell-root"
        >
          <a
            className="custom-button-link"
            href="/yki/tutkintotilaisuus/11"
            onClick={[Function]}
          >
            <button
              className="MuiButtonBase-root MuiButton-root MuiButton-outlined MuiButton-outlinedSecondary MuiButton-sizeMedium MuiButton-outlinedSizeMedium MuiButton-root MuiButton-outlined MuiButton-outlinedSecondary MuiButton-sizeMedium MuiButton-outlinedSizeMedium css-1l9sosn-MuiButtonBase-root-MuiButton-root"
              disabled={false}
              onBlur={[Function]}
              onClick={[Function]}
              onContextMenu={[Function]}
              onDragLeave={[Function]}
              onFocus={[Function]}
              onKeyDown={[Function]}
              onKeyUp={[Function]}
              onMouseDown={[Function]}
              onMouseLeave={[Function]}
              onMouseUp={[Function]}
              onTouchEnd={[Function]}
              onTouchMove={[Function]}
              onTouchStart={[Function]}
              tabIndex={0}
              type="button"
            >
              register
            </button>
          </a>
        </td>
      </tr>
      <tr
        className="MuiTableRow-root css-1q1u3t4-MuiTableRow-root"
        data-testid="public-exam-session__id-12-row"
        role={null}
      >
        <td
          aria-sort={null}
          className="MuiTableCell-root MuiTableCell-body MuiTableCell-sizeMedium css-1ex1afd-MuiTableCell-root"
        >
          yki.common.languages.fin, yki.common.languageLevel.KESKI
        </td>
        <td
          aria-sort={null}
          className="MuiTableCell-root MuiTableCell-body MuiTableCell-sizeMedium css-1ex1afd-MuiTableCell-root"
        >
          4/6/2019
        </td>
        <td
          aria-sort={null}
          className="MuiTableCell-root MuiTableCell-body MuiTableCell-sizeMedium css-1ex1afd-MuiTableCell-root"
        >
          Maunulan yhteiskoulu - Helsingin matematiikkalukio
          <br />
          Jyväskylä
        </td>
        <td
          aria-sort={null}
          className="MuiTableCell-root MuiTableCell-body MuiTableCell-sizeMedium css-1ex1afd-MuiTableCell-root"
        >
          <span
            aria-label="2/1/2019 klo 10.00 — 2/28/2039 klo 16.00"
          >
            2/1/2019 klo 10.00
             —
            <br
              aria-hidden={true}
            />
            2/28/2039 klo 16.00
          </span>
        </td>
        <td
          aria-sort={null}
          className="MuiTableCell-root MuiTableCell-body MuiTableCell-sizeMedium css-1ex1afd-MuiTableCell-root"
        >
          176
           €
        </td>
        <td
          aria-sort={null}
          className="MuiTableCell-root MuiTableCell-body MuiTableCell-sizeMedium css-1ex1afd-MuiTableCell-root"
        >
          1
        </td>
        <td
          aria-sort={null}
          className="MuiTableCell-root MuiTableCell-body MuiTableCell-sizeMedium css-1ex1afd-MuiTableCell-root"
        >
          <a
            className="custom-button-link"
            href="/yki/tutkintotilaisuus/12"
            onClick={[Function]}
          >
            <button
              className="MuiButtonBase-root MuiButton-root MuiButton-outlined MuiButton-outlinedSecondary MuiButton-sizeMedium MuiButton-outlinedSizeMedium MuiButton-root MuiButton-outlined MuiButton-outlinedSecondary MuiButton-sizeMedium MuiButton-outlinedSizeMedium css-1l9sosn-MuiButtonBase-root-MuiButton-root"
              disabled={false}
              onBlur={[Function]}
              onClick={[Function]}
              onContextMenu={[Function]}
              onDragLeave={[Function]}
              onFocus={[Function]}
              onKeyDown={[Function]}
              onKeyUp={[Function]}
              onMouseDown={[Function]}
              onMouseLeave={[Function]}
              onMouseUp={[Function]}
              onTouchEnd={[Function]}
              onTouchMove={[Function]}
              onTouchStart={[Function]}
              tabIndex={0}
              type="button"
            >
              register
            </button>
          </a>
        </td>
      </tr>
      <tr
        className="MuiTableRow-root css-1q1u3t4-MuiTableRow-root"
        data-testid="public-exam-session__id-13-row"
        role={null}
      >
        <td
          aria-sort={null}
          className="MuiTableCell-root MuiTableCell-body MuiTableCell-sizeMedium css-1ex1afd-MuiTableCell-root"
        >
          yki.common.languages.deu, yki.common.languageLevel.YLIN
        </td>
        <td
          aria-sort={null}
          className="MuiTableCell-root MuiTableCell-body MuiTableCell-sizeMedium css-1ex1afd-MuiTableCell-root"
        >
          4/6/2039
        </td>
        <td
          aria-sort={null}
          className="MuiTableCell-root MuiTableCell-body MuiTableCell-sizeMedium css-1ex1afd-MuiTableCell-root"
        >
          Jyväskylän kansalaisopisto
          <br />
          Jyväskylä
        </td>
        <td
          aria-sort={null}
          className="MuiTableCell-root MuiTableCell-body MuiTableCell-sizeMedium css-1ex1afd-MuiTableCell-root"
        >
          <span
            aria-label="2/1/2019 klo 10.00 — 2/28/2029 klo 16.00"
          >
            2/1/2019 klo 10.00
             —
            <br
              aria-hidden={true}
            />
            2/28/2029 klo 16.00
          </span>
        </td>
        <td
          aria-sort={null}
          className="MuiTableCell-root MuiTableCell-body MuiTableCell-sizeMedium css-1ex1afd-MuiTableCell-root"
        >
          200
           €
        </td>
        <td
          aria-sort={null}
          className="MuiTableCell-root MuiTableCell-body MuiTableCell-sizeMedium css-1ex1afd-MuiTableCell-root"
        >
          full
        </td>
        <td
          aria-sort={null}
          className="MuiTableCell-root MuiTableCell-body MuiTableCell-sizeMedium css-1ex1afd-MuiTableCell-root"
        >
          <a
            className="custom-button-link"
            href="/yki/tutkintotilaisuus/13"
            onClick={[Function]}
          >
            <button
              className="MuiButtonBase-root MuiButton-root MuiButton-outlined MuiButton-outlinedSecondary MuiButton-sizeMedium MuiButton-outlinedSizeMedium MuiButton-root MuiButton-outlined MuiButton-outlinedSecondary MuiButton-sizeMedium MuiButton-outlinedSizeMedium css-1l9sosn-MuiButtonBase-root-MuiButton-root"
              disabled={false}
              onBlur={[Function]}
              onClick={[Function]}
              onContextMenu={[Function]}
              onDragLeave={[Function]}
              onFocus={[Function]}
              onKeyDown={[Function]}
              onKeyUp={[Function]}
              onMouseDown={[Function]}
              onMouseLeave={[Function]}
              onMouseUp={[Function]}
              onTouchEnd={[Function]}
              onTouchMove={[Function]}
              onTouchStart={[Function]}
              tabIndex={0}
              type="button"
            >
              orderCancellationNotification
            </button>
          </a>
        </td>
      </tr>
      <tr
        className="MuiTableRow-root css-1q1u3t4-MuiTableRow-root"
        data-testid="public-exam-session__id-14-row"
        role={null}
      >
        <td
          aria-sort={null}
          className="MuiTableCell-root MuiTableCell-body MuiTableCell-sizeMedium css-1ex1afd-MuiTableCell-root"
        >
          yki.common.languages.fin, yki.common.languageLevel.PERUS
        </td>
        <td
          aria-sort={null}
          className="MuiTableCell-root MuiTableCell-body MuiTableCell-sizeMedium css-1ex1afd-MuiTableCell-root"
        >
          4/6/2019
        </td>
        <td
          aria-sort={null}
          className="MuiTableCell-root MuiTableCell-body MuiTableCell-sizeMedium css-1ex1afd-MuiTableCell-root"
        >
          Jyväskylän kansalaisopisto
          <br />
          Jyväskylä
        </td>
        <td
          aria-sort={null}
          className="MuiTableCell-root MuiTableCell-body MuiTableCell-sizeMedium css-1ex1afd-MuiTableCell-root"
        >
          <span
            aria-label="2/1/2019 klo 10.00 — 2/28/2039 klo 16.00"
          >
            2/1/2019 klo 10.00
             —
            <br
              aria-hidden={true}
            />
            2/28/2039 klo 16.00
          </span>
        </td>
        <td
          aria-sort={null}
          className="MuiTableCell-root MuiTableCell-body MuiTableCell-sizeMedium css-1ex1afd-MuiTableCell-root"
        >
          153
           €
        </td>
        <td
          aria-sort={null}
          className="MuiTableCell-root MuiTableCell-body MuiTableCell-sizeMedium css-1ex1afd-MuiTableCell-root"
        >
          full
        </td>
        <td
          aria-sort={null}
          className="MuiTableCell-root MuiTableCell-body MuiTableCell-sizeMedium css-1ex1afd-MuiTableCell-root"
        >
          <a
            className="custom-button-link"
            href="/yki/tutkintotilaisuus/14"
            onClick={[Function]}
          >
            <button
              className="MuiButtonBase-root MuiButton-root MuiButton-outlined MuiButton-outlinedSecondary MuiButton-sizeMedium MuiButton-outlinedSizeMedium MuiButton-root MuiButton-outlined MuiButton-outlinedSecondary MuiButton-sizeMedium MuiButton-outlinedSizeMedium css-1l9sosn-MuiButtonBase-root-MuiButton-root"
              disabled={false}
              onBlur={[Function]}
              onClick={[Function]}
              onContextMenu={[Function]}
              onDragLeave={[Function]}
              onFocus={[Function]}
              onKeyDown={[Function]}
              onKeyUp={[Function]}
              onMouseDown={[Function]}
              onMouseLeave={[Function]}
              onMouseUp={[Function]}
              onTouchEnd={[Function]}
              onTouchMove={[Function]}
              onTouchStart={[Function]}
              tabIndex={0}
              type="button"
            >
              orderCancellationNotification
            </button>
          </a>
        </td>
      </tr>
      <tr
        className="MuiTableRow-root css-1q1u3t4-MuiTableRow-root"
        data-testid="public-exam-session__id-15-row"
        role={null}
      >
        <td
          aria-sort={null}
          className="MuiTableCell-root MuiTableCell-body MuiTableCell-sizeMedium css-1ex1afd-MuiTableCell-root"
        >
          yki.common.languages.fin, yki.common.languageLevel.PERUS
        </td>
        <td
          aria-sort={null}
          className="MuiTableCell-root MuiTableCell-body MuiTableCell-sizeMedium css-1ex1afd-MuiTableCell-root"
        >
          4/6/2019
        </td>
        <td
          aria-sort={null}
          className="MuiTableCell-root MuiTableCell-body MuiTableCell-sizeMedium css-1ex1afd-MuiTableCell-root"
        >
          Helsingin aikuisopisto
          <br />
          Helsinki
        </td>
        <td
          aria-sort={null}
          className="MuiTableCell-root MuiTableCell-body MuiTableCell-sizeMedium css-1ex1afd-MuiTableCell-root"
        >
          <span
            aria-label="2/1/2019 klo 10.00 — 2/28/2039 klo 16.00"
          >
            2/1/2019 klo 10.00
             —
            <br
              aria-hidden={true}
            />
            2/28/2039 klo 16.00
          </span>
        </td>
        <td
          aria-sort={null}
          className="MuiTableCell-root MuiTableCell-body MuiTableCell-sizeMedium css-1ex1afd-MuiTableCell-root"
        >
          153
           €
        </td>
        <td
          aria-sort={null}
          className="MuiTableCell-root MuiTableCell-body MuiTableCell-sizeMedium css-1ex1afd-MuiTableCell-root"
        >
          full
        </td>
        <td
          aria-sort={null}
          className="MuiTableCell-root MuiTableCell-body MuiTableCell-sizeMedium css-1ex1afd-MuiTableCell-root"
        >
          examSessionIsFull
        </td>
      </tr>
      <tr
        className="MuiTableRow-root css-1q1u3t4-MuiTableRow-root"
        data-testid="public-exam-session__id-16-row"
        role={null}
      >
        <td
          aria-sort={null}
          className="MuiTableCell-root MuiTableCell-body MuiTableCell-sizeMedium css-1ex1afd-MuiTableCell-root"
        >
          yki.common.languages.fin, yki.common.languageLevel.KESKI
        </td>
        <td
          aria-sort={null}
          className="MuiTableCell-root MuiTableCell-body MuiTableCell-sizeMedium css-1ex1afd-MuiTableCell-root"
        >
          1/6/2021
        </td>
        <td
          aria-sort={null}
          className="MuiTableCell-root MuiTableCell-body MuiTableCell-sizeMedium css-1ex1afd-MuiTableCell-root"
        >
          Helsingin aikuisopisto
          <br />
          Helsinki
        </td>
        <td
          aria-sort={null}
          className="MuiTableCell-root MuiTableCell-body MuiTableCell-sizeMedium css-1ex1afd-MuiTableCell-root"
        >
          <span
            aria-label="11/1/2020 klo 10.00 — 12/2/2020 klo 16.00"
          >
            11/1/2020 klo 10.00
             —
            <br
              aria-hidden={true}
            />
            12/2/2020 klo 16.00
          </span>
        </td>
        <td
          aria-sort={null}
          className="MuiTableCell-root MuiTableCell-body MuiTableCell-sizeMedium css-1ex1afd-MuiTableCell-root"
        >
          176
           €
        </td>
        <td
          aria-sort={null}
          className="MuiTableCell-root MuiTableCell-body MuiTableCell-sizeMedium css-1ex1afd-MuiTableCell-root"
        >
          full
        </td>
        <td
          aria-sort={null}
          className="MuiTableCell-root MuiTableCell-body MuiTableCell-sizeMedium css-1ex1afd-MuiTableCell-root"
        >
          admissionPeriodIsClosed
        </td>
      </tr>
    </tbody>
  </table>,
  <div
    className="table__head-box"
  >
    <div
      className="MuiTablePagination-root table__head-box__pagination css-jtlhu6-MuiTablePagination-root"
    >
      <div
        className="MuiToolbar-root MuiToolbar-gutters MuiToolbar-regular MuiTablePagination-toolbar css-78c6dr-MuiToolbar-root-MuiTablePagination-toolbar"
      >
        <div
          className="MuiTablePagination-spacer css-1psng7p-MuiTablePagination-spacer"
        />
        <p
          className="MuiTablePagination-selectLabel css-pdct74-MuiTablePagination-selectLabel"
          id=":r4:"
        >
          <p
            id="rowsPerPage"
          >
            component.table.pagination.rowsPerPage
          </p>
        </p>
        <div
          className="MuiInputBase-root MuiInputBase-colorPrimary MuiTablePagination-input css-16c50h-MuiInputBase-root-MuiTablePagination-select"
          onClick={[Function]}
        >
          <div
            aria-controls=":r5:"
            aria-expanded="false"
            aria-haspopup="listbox"
            aria-labelledby=":r4: :r3:"
            className="MuiSelect-select MuiTablePagination-select MuiSelect-standard MuiInputBase-input css-194a1fa-MuiSelect-select-MuiInputBase-input"
            id=":r3:"
            onBlur={[Function]}
            onFocus={[Function]}
            onKeyDown={[Function]}
            onMouseDown={[Function]}
            role="combobox"
            tabIndex={0}
          >
            20
          </div>
          <input
            aria-hidden={true}
            aria-invalid={false}
            aria-labeledby="rowsPerPage"
            className="MuiSelect-nativeInput css-yf8vq0-MuiSelect-nativeInput"
            onAnimationStart={[Function]}
            onChange={[Function]}
            tabIndex={-1}
            value={20}
          />
          <svg
            aria-hidden={true}
            className="MuiSvgIcon-root MuiSvgIcon-fontSizeMedium MuiSelect-icon MuiTablePagination-selectIcon MuiSelect-iconStandard css-pqjvzy-MuiSvgIcon-root-MuiSelect-icon"
            data-testid="ArrowDropDownIcon"
            focusable="false"
            viewBox="0 0 24 24"
          >
            <path
              d="M7 10l5 5 5-5z"
            />
          </svg>
        </div>
        <p
          className="MuiTablePagination-displayedRows css-levciy-MuiTablePagination-displayedRows"
        >
          component.table.pagination.displayedRowsAriaLabel
        </p>
        <div
          className="MuiTablePagination-actions"
        >
          <button
            className="MuiButtonBase-root Mui-disabled MuiIconButton-root Mui-disabled MuiIconButton-colorInherit MuiIconButton-sizeMedium css-zylse7-MuiButtonBase-root-MuiIconButton-root"
            disabled={true}
            onBlur={[Function]}
            onClick={[Function]}
            onContextMenu={[Function]}
            onDragLeave={[Function]}
            onFocus={[Function]}
            onKeyDown={[Function]}
            onKeyUp={[Function]}
            onMouseDown={[Function]}
            onMouseLeave={[Function]}
            onMouseUp={[Function]}
            onTouchEnd={[Function]}
            onTouchMove={[Function]}
            onTouchStart={[Function]}
            tabIndex={-1}
            type="button"
          >
            <svg
              aria-hidden={true}
              className="MuiSvgIcon-root MuiSvgIcon-fontSizeMedium css-i4bv87-MuiSvgIcon-root"
              data-testid="KeyboardArrowLeftIcon"
              focusable="false"
              viewBox="0 0 24 24"
            >
              <path
                d="M15.41 16.09l-4.58-4.59 4.58-4.59L14 5.5l-6 6 6 6z"
              />
            </svg>
          </button>
          <button
            className="MuiButtonBase-root Mui-disabled MuiIconButton-root Mui-disabled MuiIconButton-colorInherit MuiIconButton-sizeMedium css-zylse7-MuiButtonBase-root-MuiIconButton-root"
            disabled={true}
            onBlur={[Function]}
            onClick={[Function]}
            onContextMenu={[Function]}
            onDragLeave={[Function]}
            onFocus={[Function]}
            onKeyDown={[Function]}
            onKeyUp={[Function]}
            onMouseDown={[Function]}
            onMouseLeave={[Function]}
            onMouseUp={[Function]}
            onTouchEnd={[Function]}
            onTouchMove={[Function]}
            onTouchStart={[Function]}
            tabIndex={-1}
            type="button"
          >
            <svg
              aria-hidden={true}
              className="MuiSvgIcon-root MuiSvgIcon-fontSizeMedium css-i4bv87-MuiSvgIcon-root"
              data-testid="KeyboardArrowRightIcon"
              focusable="false"
              viewBox="0 0 24 24"
            >
              <path
                d="M8.59 16.34l4.58-4.59-4.58-4.59L10 5.75l6 6-6 6z"
              />
            </svg>
          </button>
        </div>
      </div>
    </div>
  </div>,
]
`;
