// Jest Snapshot v1, https://goo.gl/fbAQLP

exports[`CircularStepper should render correctly 1`] = `
<div
  className="circular-stepper"
>
  <span
    aria-hidden={true}
    aria-label="phase Test Phase 1: Description text"
    aria-valuenow={33}
    className="MuiCircularProgress-root MuiCircularProgress-determinate MuiCircularProgress-colorSecondary circular-stepper__progress css-1bx0sm6-MuiCircularProgress-root"
    role="progressbar"
    style={
      {
        "height": 40,
        "transform": "rotate(-90deg)",
        "width": 40,
      }
    }
  >
    <svg
      className="MuiCircularProgress-svg css-1idz92c-MuiCircularProgress-svg"
      viewBox="22 22 44 44"
    >
      <circle
        className="MuiCircularProgress-circle MuiCircularProgress-circleDeterminate css-oxts8u-MuiCircularProgress-circle"
        cx={44}
        cy={44}
        fill="none"
        r={20.2}
        strokeWidth={3.6}
        style={
          {
            "strokeDasharray": "126.920",
            "strokeDashoffset": "85.037px",
          }
        }
      />
    </svg>
  </span>
  <div
    aria-hidden={true}
    className="circular-stepper__heading"
  >
    <h3
      className="MuiTypography-root MuiTypography-h3 css-gepadz-MuiTypography-root"
    >
      Test Phase 1
    </h3>
  </div>
  <p
    className="MuiTypography-root MuiTypography-body1 css-33u759-MuiTypography-root"
  >
    phase Test Phase 1: Description text
  </p>
</div>
`;
